// Jest Snapshot v1, https://goo.gl/fbAQLP

exports[`Card component renders the correct component 1`] = `
<div>
  <div
    class="bg-slate-50 w-fit rounded-md shadow"
  >
    <img
      alt="Sample Item"
      class="p-3"
      data-nimg="1"
      decoding="async"
      fetchpriority="high"
      height="250"
      src="/_next/image?url=%2Ftest.png&w=640&q=75"
      srcset="/_next/image?url=%2Ftest.png&w=256&q=75 1x, /_next/image?url=%2Ftest.png&w=640&q=75 2x"
      style="color: transparent;"
      width="250"
    />
    <div
      class="border-t-2 px-3 py-5"
    >
      <h2
        class="text-lg font-bold pb-2"
      >
        Sample Item
      </h2>
      <div
        class="flex items-center"
      >
        <p
          class="text-red-500 text-sm font-bold flex-1"
        >
          1200
           Gil
        </p>
        <button
          class="bg-blue-800 text-slate-50 py-1 px-5 uppercase font-bold text-sm rounded-full hover:opacity-90 active:scale-95"
        >
          Add to Cart
        </button>
      </div>
    </div>
  </div>
</div>
`;
